// Jest Snapshot v1, https://goo.gl/fbAQLP

exports[`NFTGallery displays the grid of NFTs 1`] = `
<div>
  <div
    class="c-dhzjXW c-iTKOFX"
  >
    <div
      class="c-bQzyIt c-iDwhyX"
    >
      <div
        class="c-dhzjXW c-iTKOFX c-daoeyp"
        data-testid="nft-container"
      >
        <img
          alt="MAYC #29501"
          class="c-boeGUI"
          src="https://lh3.googleusercontent.com/Of37HlRWnVauCBNB9Mp03Fa3dRaKO1x_A1QKBFanFP4ARM3Pflxkn8TzZy4tM_s7wCdZxtTF2WrghtJa7I5LTeRmg3-vYzjiNo67ig"
        />
        <div>
          <div
            class="c-dhzjXW c-dLiYgZ"
          >
            <h3
              style="overflow-wrap: anywhere;"
            >
              MAYC #29501
            </h3>
            <div
              class="c-fCArCM"
            >
              MAYC
            </div>
          </div>
          <span
            class="c-ijGyTM"
          >
            MutantApeYachtClub
             #
            29501
          </span>
        </div>
      </div>
      <div
        class="c-dhzjXW c-iTKOFX c-daoeyp"
        data-testid="nft-container"
      >
        <img
          alt="Lobby Lobster #4533"
          class="c-boeGUI"
          src="https://lh3.googleusercontent.com/kEQd_Xd7i_aeqFLzKgqR8Mx4yYAXIBdzbxVAywcVphU8GKkzqK4DxL1MHpwuBBfAQ1TW-RPgKdZ7Z6q3PntWODdOboTI0wilzHT2"
        />
        <div>
          <div
            class="c-dhzjXW c-dLiYgZ"
          >
            <h3
              style="overflow-wrap: anywhere;"
            >
              Lobby Lobster #4533
            </h3>
            <div
              class="c-fCArCM"
            >
              LOBSTER
            </div>
          </div>
          <span
            class="c-ijGyTM"
          >
            Lobby Lobsters
             #
            4533
          </span>
        </div>
      </div>
      <div
        class="c-dhzjXW c-iTKOFX c-daoeyp"
        data-testid="nft-container"
      >
        <img
          alt="Lobby Lobster #4532"
          class="c-boeGUI"
          src="https://lh3.googleusercontent.com/fo209cshW3khW5CDe3k2qPkX8CsJL-WoDeACfFB5ttEBi-5uGLqByGKQPiTkC7Sc_p2YP8EJwmV1E2Yk_jsJ6A2jCJBWYnl_NH2Ouyk"
        />
        <div>
          <div
            class="c-dhzjXW c-dLiYgZ"
          >
            <h3
              style="overflow-wrap: anywhere;"
            >
              Lobby Lobster #4532
            </h3>
            <div
              class="c-fCArCM"
            >
              LOBSTER
            </div>
          </div>
          <span
            class="c-ijGyTM"
          >
            Lobby Lobsters
             #
            4532
          </span>
        </div>
      </div>
      <div
        class="c-dhzjXW c-iTKOFX c-daoeyp"
        data-testid="nft-container"
      >
        <img
          alt="Lobby Lobster #4531"
          class="c-boeGUI"
          src="https://lh3.googleusercontent.com/oykw79XWlYJYpaKU6ejc_go_v-KRbfPac_jnMyfYTlAweZCTkubmJtf1pjeeRryR9b87ZivTetwq4iYIMb54PqjCVPMkZu1dA0bwcw"
        />
        <div>
          <div
            class="c-dhzjXW c-dLiYgZ"
          >
            <h3
              style="overflow-wrap: anywhere;"
            >
              Lobby Lobster #4531
            </h3>
            <div
              class="c-fCArCM"
            >
              LOBSTER
            </div>
          </div>
          <span
            class="c-ijGyTM"
          >
            Lobby Lobsters
             #
            4531
          </span>
        </div>
      </div>
      <div
        class="c-dhzjXW c-iTKOFX c-daoeyp"
        data-testid="nft-container"
      >
        <img
          alt="Dev #1"
          class="c-boeGUI"
          src="https://storage.opensea.io/files/acef01b1f111088c40a0d86a4cd8a2bd.svg"
        />
        <div>
          <div
            class="c-dhzjXW c-dLiYgZ"
          >
            <h3
              style="overflow-wrap: anywhere;"
            >
              Dev #1
            </h3>
            <div
              class="c-fCArCM"
            >
              DEVS
            </div>
          </div>
          <span
            class="c-ijGyTM"
          >
            Devs for Revolution
             #
            1
          </span>
        </div>
      </div>
      <div
        class="c-dhzjXW c-iTKOFX c-daoeyp"
        data-testid="nft-container"
      >
        <img
          alt="MAYC #2821"
          class="c-boeGUI"
          src="https://lh3.googleusercontent.com/2ugQojxUZyJrvGIkvfZykSEH10ooke96p2L3BACTrNbSZtSUgyou1dwuaL3ToLYfo2qCccMSesL26r2007jG01oRiP_nz2rZEZGF"
        />
        <div>
          <div
            class="c-dhzjXW c-dLiYgZ"
          >
            <h3
              style="overflow-wrap: anywhere;"
            >
              MAYC #2821
            </h3>
            <div
              class="c-fCArCM"
            >
              MAYC
            </div>
          </div>
          <span
            class="c-ijGyTM"
          >
            MutantApeYachtClub
             #
            2821
          </span>
        </div>
      </div>
      <div
        class="c-dhzjXW c-iTKOFX c-daoeyp"
        data-testid="nft-container"
      >
        <img
          alt="IAPE #529"
          class="c-boeGUI"
          src="https://lh3.googleusercontent.com/CIWHaJC9BQvc-1unN_L_oNShuC6-qngwB421ik5WSw5YATNN7mHd0JGWlZoB6lRvUEsTn-vFhvFHtp0ccRVE1gZJjwirpHIqiFOiKg"
        />
        <div>
          <div
            class="c-dhzjXW c-dLiYgZ"
          >
            <h3
              style="overflow-wrap: anywhere;"
            >
              IAPE #529
            </h3>
            <div
              class="c-fCArCM"
            >
              IAPE
            </div>
          </div>
          <span
            class="c-ijGyTM"
          >
            InvertedApeClub
             #
            529
          </span>
        </div>
      </div>
      <div
        class="c-dhzjXW c-iTKOFX c-daoeyp"
        data-testid="nft-container"
      >
        <img
          alt="BAKC #5595"
          class="c-boeGUI"
          src="https://lh3.googleusercontent.com/PqUXUQ947U77EBxnDlD9fWqU6vaSRt6psVFRVksRE8Yf3UlN2KB7qfSL29A2pG5QGCUqrvV8wZBOLbFGupVu5fc4PakHNfQ8kjTe"
        />
        <div>
          <div
            class="c-dhzjXW c-dLiYgZ"
          >
            <h3
              style="overflow-wrap: anywhere;"
            >
              BAKC #5595
            </h3>
            <div
              class="c-fCArCM"
            >
              BAKC
            </div>
          </div>
          <span
            class="c-ijGyTM"
          >
            BoredApeKennelClub
             #
            5595
          </span>
        </div>
      </div>
      <div
        class="c-dhzjXW c-iTKOFX c-daoeyp"
        data-testid="nft-container"
      >
        <img
          alt="BAKC #1610"
          class="c-boeGUI"
          src="https://lh3.googleusercontent.com/20h55ixFQG_zQFj7Y7cf46ZYnz-w20GNYBV3Oeuars75bwxIRoOloDAakUDh7AedroaWpKYBD6_ACz954iku5cLF-K_EPIkKOdzZ"
        />
        <div>
          <div
            class="c-dhzjXW c-dLiYgZ"
          >
            <h3
              style="overflow-wrap: anywhere;"
            >
              BAKC #1610
            </h3>
            <div
              class="c-fCArCM"
            >
              BAKC
            </div>
          </div>
          <span
            class="c-ijGyTM"
          >
            BoredApeKennelClub
             #
            1610
          </span>
        </div>
      </div>
      <div
        class="c-dhzjXW c-iTKOFX c-daoeyp"
        data-testid="nft-container"
      >
        <img
          alt="BAKC #6971"
          class="c-boeGUI"
          src="https://lh3.googleusercontent.com/WQuioAZIrKrUh2QrZm9AJpgbAXlVxlWLRFHzGMO4LvBkLJvprlzKeZFWaoAxU3VF1kfqimn1hn7pBU6P_8qbluo1EJNqtpN8szaPQw"
        />
        <div>
          <div
            class="c-dhzjXW c-dLiYgZ"
          >
            <h3
              style="overflow-wrap: anywhere;"
            >
              BAKC #6971
            </h3>
            <div
              class="c-fCArCM"
            >
              BAKC
            </div>
          </div>
          <span
            class="c-ijGyTM"
          >
            BoredApeKennelClub
             #
            6971
          </span>
        </div>
      </div>
      <div
        class="c-dhzjXW c-iTKOFX c-daoeyp"
        data-testid="nft-container"
      >
        <img
          alt="BAKC #1306"
          class="c-boeGUI"
          src="https://lh3.googleusercontent.com/dBRUNceisNm0hf922mxR06ypVgJj5z8fEG6g2z8tm6kEYTjrNN9zu99IjRpFYSOIGkEZQaXuNcF3-e4pU272CgNXkxDawRkdCtX2tg"
        />
        <div>
          <div
            class="c-dhzjXW c-dLiYgZ"
          >
            <h3
              style="overflow-wrap: anywhere;"
            >
              BAKC #1306
            </h3>
            <div
              class="c-fCArCM"
            >
              BAKC
            </div>
          </div>
          <span
            class="c-ijGyTM"
          >
            BoredApeKennelClub
             #
            1306
          </span>
        </div>
      </div>
      <div
        class="c-dhzjXW c-iTKOFX c-daoeyp"
        data-testid="nft-container"
      >
        <img
          alt="BAKC #4629"
          class="c-boeGUI"
          src="https://lh3.googleusercontent.com/5pjcUIEyJ8DwwYOH-t4mUvGrcFvl9N31T-NO91Wd49o-EbOMmrB2CQ_JLgKvoPBaXvvXl8z8VdEeTMm_l2yA8yVw99WBxlhnI7zw"
        />
        <div>
          <div
            class="c-dhzjXW c-dLiYgZ"
          >
            <h3
              style="overflow-wrap: anywhere;"
            >
              BAKC #4629
            </h3>
            <div
              class="c-fCArCM"
            >
              BAKC
            </div>
          </div>
          <span
            class="c-ijGyTM"
          >
            BoredApeKennelClub
             #
            4629
          </span>
        </div>
      </div>
      <div
        class="c-dhzjXW c-iTKOFX c-daoeyp"
        data-testid="nft-container"
      >
        <img
          alt="BAKC #6589"
          class="c-boeGUI"
          src="https://lh3.googleusercontent.com/kqeKxxi1hmcYN82Foxvj-makyRUpq3Oky739o2znwWBnayelarW9t4nHN8PF4_-BJy9KG8DI2mYBgaQfFNWIbme8K0kERknHnTgwyQ"
        />
        <div>
          <div
            class="c-dhzjXW c-dLiYgZ"
          >
            <h3
              style="overflow-wrap: anywhere;"
            >
              BAKC #6589
            </h3>
            <div
              class="c-fCArCM"
            >
              BAKC
            </div>
          </div>
          <span
            class="c-ijGyTM"
          >
            BoredApeKennelClub
             #
            6589
          </span>
        </div>
      </div>
      <div
        class="c-dhzjXW c-iTKOFX c-daoeyp"
        data-testid="nft-container"
      >
        <img
          alt="trevormil.eth"
          class="c-boeGUI"
          src="https://lh3.googleusercontent.com/b-dHa9KKjTnaZDjUtswR8Z7DK7lScIgukkT1Xpnr4voQoU78nUhGM_yMRu0nHPg3Wz6m7FD_J59irj_JsQINme3VHlIjZGwp64Habk8"
        />
        <div>
          <div
            class="c-dhzjXW c-dLiYgZ"
          >
            <h3
              style="overflow-wrap: anywhere;"
            >
              trevormil.eth
            </h3>
            <div
              class="c-fCArCM"
            >
              ENS
            </div>
          </div>
          <span
            class="c-ijGyTM"
          >
            ENS
             #
            63749038382229673310580479897393938256042128543635190242604957525465954611742
          </span>
        </div>
      </div>
    </div>
  </div>
</div>
`;

exports[`NFTGallery renders an error 1`] = `
<div>
  <div
    class="c-dhzjXW c-iTKOFX"
  >
    <div
      class="c-kSqncB"
    >
      OpenSea request failed with status: 400. Make sure you are on mainnet.
    </div>
    <div
      class="c-bQzyIt c-iDwhyX"
    />
  </div>
</div>
`;
